2026-05-20 12:27:41,913 : INFO : ====== WebDriver manager ======
2026-05-20 12:27:43,182 : INFO : Get LATEST chromedriver version for google-chrome
2026-05-20 12:27:44,131 : INFO : Get LATEST chromedriver version for google-chrome
2026-05-20 12:27:44,548 : INFO : Driver [C:\Users\kunal\.wdm\drivers\chromedriver\win64\147.0.7727.117\chromedriver-win32/chromedriver.exe] found in cache
2026-05-20 12:27:47,228 : INFO : Homepage test started
2026-05-20 12:27:50,070 : INFO : ====== WebDriver manager ======
2026-05-20 12:27:51,394 : INFO : Get LATEST chromedriver version for google-chrome
2026-05-20 12:27:51,741 : INFO : Get LATEST chromedriver version for google-chrome
2026-05-20 12:27:52,086 : INFO : Driver [C:\Users\kunal\.wdm\drivers\chromedriver\win64\147.0.7727.117\chromedriver-win32/chromedriver.exe] found in cache
2026-05-20 12:27:56,814 : INFO : ====== WebDriver manager ======
2026-05-20 12:27:58,387 : INFO : Get LATEST chromedriver version for google-chrome
2026-05-20 12:27:58,734 : INFO : Get LATEST chromedriver version for google-chrome
2026-05-20 12:27:59,037 : INFO : Driver [C:\Users\kunal\.wdm\drivers\chromedriver\win64\147.0.7727.117\chromedriver-win32/chromedriver.exe] found in cache
2026-05-20 12:28:14,977 : INFO : ====== WebDriver manager ======
2026-05-20 12:28:16,654 : INFO : Get LATEST chromedriver version for google-chrome
2026-05-20 12:28:17,143 : INFO : Get LATEST chromedriver version for google-chrome
2026-05-20 12:28:17,755 : INFO : Driver [C:\Users\kunal\.wdm\drivers\chromedriver\win64\147.0.7727.117\chromedriver-win32/chromedriver.exe] found in cache
2026-05-20 12:28:34,982 : INFO : ====== WebDriver manager ======
2026-05-20 12:28:36,528 : INFO : Get LATEST chromedriver version for google-chrome
2026-05-20 12:28:36,963 : INFO : Get LATEST chromedriver version for google-chrome
2026-05-20 12:28:37,423 : INFO : Driver [C:\Users\kunal\.wdm\drivers\chromedriver\win64\147.0.7727.117\chromedriver-win32/chromedriver.exe] found in cache
2026-05-20 12:28:55,481 : INFO : ====== WebDriver manager ======
2026-05-20 12:28:57,114 : INFO : Get LATEST chromedriver version for google-chrome
2026-05-20 12:28:57,617 : INFO : Get LATEST chromedriver version for google-chrome
2026-05-20 12:28:58,152 : INFO : Driver [C:\Users\kunal\.wdm\drivers\chromedriver\win64\147.0.7727.117\chromedriver-win32/chromedriver.exe] found in cache
2026-05-20 12:29:10,735 : INFO : ====== WebDriver manager ======
2026-05-20 12:29:12,418 : INFO : Get LATEST chromedriver version for google-chrome
2026-05-20 12:29:12,839 : INFO : Get LATEST chromedriver version for google-chrome
2026-05-20 12:29:13,340 : INFO : Driver [C:\Users\kunal\.wdm\drivers\chromedriver\win64\147.0.7727.117\chromedriver-win32/chromedriver.exe] found in cache
2026-05-20 12:30:33,826 : INFO : ====== WebDriver manager ======
2026-05-20 12:30:34,993 : INFO : Get LATEST chromedriver version for google-chrome
2026-05-20 12:30:35,401 : INFO : Get LATEST chromedriver version for google-chrome
2026-05-20 12:30:35,927 : INFO : Driver [C:\Users\kunal\.wdm\drivers\chromedriver\win64\147.0.7727.117\chromedriver-win32/chromedriver.exe] found in cache
2026-05-20 12:31:11,589 : WARNING : Retrying (Retry(total=2, connect=None, read=None, redirect=None, status=None)) after connection broken by 'NewConnectionError("HTTPConnection(host='localhost', port=62018): Failed to establish a new connection: [WinError 10061] No connection could be made because the target machine actively refused it")': /session/4f1db1fcf93848277692d0536eb82552
2026-05-20 12:31:15,687 : WARNING : Retrying (Retry(total=1, connect=None, read=None, redirect=None, status=None)) after connection broken by 'NewConnectionError("HTTPConnection(host='localhost', port=62018): Failed to establish a new connection: [WinError 10061] No connection could be made because the target machine actively refused it")': /session/4f1db1fcf93848277692d0536eb82552
2026-05-20 12:33:22,352 : INFO : ====== WebDriver manager ======
2026-05-20 12:33:23,453 : INFO : Get LATEST chromedriver version for google-chrome
2026-05-20 12:33:23,882 : INFO : Get LATEST chromedriver version for google-chrome
2026-05-20 12:33:24,436 : INFO : Driver [C:\Users\kunal\.wdm\drivers\chromedriver\win64\147.0.7727.117\chromedriver-win32/chromedriver.exe] found in cache
2026-05-20 12:33:27,833 : INFO : Homepage test started
2026-05-20 12:33:30,466 : INFO : ====== WebDriver manager ======
2026-05-20 12:33:32,341 : INFO : Get LATEST chromedriver version for google-chrome
2026-05-20 12:33:32,972 : INFO : Get LATEST chromedriver version for google-chrome
2026-05-20 12:33:33,852 : INFO : Driver [C:\Users\kunal\.wdm\drivers\chromedriver\win64\147.0.7727.117\chromedriver-win32/chromedriver.exe] found in cache
2026-05-20 12:33:39,873 : INFO : ====== WebDriver manager ======
2026-05-20 12:33:41,595 : INFO : Get LATEST chromedriver version for google-chrome
2026-05-20 12:33:42,021 : INFO : Get LATEST chromedriver version for google-chrome
2026-05-20 12:33:42,556 : INFO : Driver [C:\Users\kunal\.wdm\drivers\chromedriver\win64\147.0.7727.117\chromedriver-win32/chromedriver.exe] found in cache
2026-05-20 12:33:57,993 : INFO : ====== WebDriver manager ======
2026-05-20 12:33:59,760 : INFO : Get LATEST chromedriver version for google-chrome
2026-05-20 12:34:00,260 : INFO : Get LATEST chromedriver version for google-chrome
2026-05-20 12:34:00,840 : INFO : Driver [C:\Users\kunal\.wdm\drivers\chromedriver\win64\147.0.7727.117\chromedriver-win32/chromedriver.exe] found in cache
2026-05-20 12:34:18,942 : INFO : ====== WebDriver manager ======
2026-05-20 12:34:20,643 : INFO : Get LATEST chromedriver version for google-chrome
2026-05-20 12:34:21,125 : INFO : Get LATEST chromedriver version for google-chrome
2026-05-20 12:34:21,649 : INFO : Driver [C:\Users\kunal\.wdm\drivers\chromedriver\win64\147.0.7727.117\chromedriver-win32/chromedriver.exe] found in cache
2026-05-20 12:34:40,237 : INFO : ====== WebDriver manager ======
2026-05-20 12:34:41,919 : INFO : Get LATEST chromedriver version for google-chrome
2026-05-20 12:34:42,358 : INFO : Get LATEST chromedriver version for google-chrome
2026-05-20 12:34:42,858 : INFO : Driver [C:\Users\kunal\.wdm\drivers\chromedriver\win64\147.0.7727.117\chromedriver-win32/chromedriver.exe] found in cache
2026-05-20 12:34:54,836 : INFO : ====== WebDriver manager ======
2026-05-20 12:34:56,550 : INFO : Get LATEST chromedriver version for google-chrome
2026-05-20 12:34:57,141 : INFO : Get LATEST chromedriver version for google-chrome
2026-05-20 12:34:57,772 : INFO : Driver [C:\Users\kunal\.wdm\drivers\chromedriver\win64\147.0.7727.117\chromedriver-win32/chromedriver.exe] found in cache
2026-05-20 12:37:13,223 : INFO : ====== WebDriver manager ======
2026-05-20 12:37:14,212 : INFO : Get LATEST chromedriver version for google-chrome
2026-05-20 12:37:14,614 : INFO : Get LATEST chromedriver version for google-chrome
2026-05-20 12:37:15,208 : INFO : Driver [C:\Users\kunal\.wdm\drivers\chromedriver\win64\147.0.7727.117\chromedriver-win32/chromedriver.exe] found in cache
2026-05-20 12:37:19,240 : INFO : Homepage test started
2026-05-20 12:37:21,921 : INFO : ====== WebDriver manager ======
2026-05-20 12:37:23,593 : INFO : Get LATEST chromedriver version for google-chrome
2026-05-20 12:37:24,093 : INFO : Get LATEST chromedriver version for google-chrome
2026-05-20 12:37:24,578 : INFO : Driver [C:\Users\kunal\.wdm\drivers\chromedriver\win64\147.0.7727.117\chromedriver-win32/chromedriver.exe] found in cache
2026-05-20 12:37:30,459 : INFO : ====== WebDriver manager ======
2026-05-20 12:37:31,908 : INFO : Get LATEST chromedriver version for google-chrome
2026-05-20 12:37:33,137 : INFO : Get LATEST chromedriver version for google-chrome
2026-05-20 12:37:33,866 : INFO : Driver [C:\Users\kunal\.wdm\drivers\chromedriver\win64\147.0.7727.117\chromedriver-win32/chromedriver.exe] found in cache
2026-05-20 12:37:48,689 : INFO : ====== WebDriver manager ======
2026-05-20 12:37:50,479 : INFO : Get LATEST chromedriver version for google-chrome
2026-05-20 12:37:50,949 : INFO : Get LATEST chromedriver version for google-chrome
2026-05-20 12:37:51,445 : INFO : Driver [C:\Users\kunal\.wdm\drivers\chromedriver\win64\147.0.7727.117\chromedriver-win32/chromedriver.exe] found in cache
2026-05-20 12:38:09,214 : INFO : ====== WebDriver manager ======
2026-05-20 12:38:11,042 : INFO : Get LATEST chromedriver version for google-chrome
2026-05-20 12:38:11,634 : INFO : Get LATEST chromedriver version for google-chrome
2026-05-20 12:38:12,051 : INFO : Driver [C:\Users\kunal\.wdm\drivers\chromedriver\win64\147.0.7727.117\chromedriver-win32/chromedriver.exe] found in cache
2026-05-20 12:38:29,855 : INFO : ====== WebDriver manager ======
2026-05-20 12:38:31,568 : INFO : Get LATEST chromedriver version for google-chrome
2026-05-20 12:38:33,164 : INFO : Get LATEST chromedriver version for google-chrome
2026-05-20 12:38:33,888 : INFO : Driver [C:\Users\kunal\.wdm\drivers\chromedriver\win64\147.0.7727.117\chromedriver-win32/chromedriver.exe] found in cache
2026-05-20 12:38:46,291 : INFO : ====== WebDriver manager ======
2026-05-20 12:38:48,019 : INFO : Get LATEST chromedriver version for google-chrome
2026-05-20 12:38:48,411 : INFO : Get LATEST chromedriver version for google-chrome
2026-05-20 12:38:48,981 : INFO : Driver [C:\Users\kunal\.wdm\drivers\chromedriver\win64\147.0.7727.117\chromedriver-win32/chromedriver.exe] found in cache
2026-05-20 12:42:30,838 : INFO : ====== WebDriver manager ======
2026-05-20 12:42:31,861 : INFO : Get LATEST chromedriver version for google-chrome
2026-05-20 12:42:33,121 : INFO : Get LATEST chromedriver version for google-chrome
2026-05-20 12:42:33,647 : INFO : Driver [C:\Users\kunal\.wdm\drivers\chromedriver\win64\147.0.7727.117\chromedriver-win32/chromedriver.exe] found in cache
2026-05-20 12:42:38,084 : INFO : Homepage test started
2026-05-20 12:42:40,669 : INFO : ====== WebDriver manager ======
2026-05-20 12:42:42,522 : INFO : Get LATEST chromedriver version for google-chrome
2026-05-20 12:42:42,952 : INFO : Get LATEST chromedriver version for google-chrome
2026-05-20 12:42:43,375 : INFO : Driver [C:\Users\kunal\.wdm\drivers\chromedriver\win64\147.0.7727.117\chromedriver-win32/chromedriver.exe] found in cache
2026-05-20 12:42:52,027 : INFO : ====== WebDriver manager ======
2026-05-20 12:42:53,797 : INFO : Get LATEST chromedriver version for google-chrome
2026-05-20 12:42:54,336 : INFO : Get LATEST chromedriver version for google-chrome
2026-05-20 12:42:54,835 : INFO : Driver [C:\Users\kunal\.wdm\drivers\chromedriver\win64\147.0.7727.117\chromedriver-win32/chromedriver.exe] found in cache
2026-05-20 12:43:14,286 : INFO : ====== WebDriver manager ======
2026-05-20 12:43:15,414 : INFO : Get LATEST chromedriver version for google-chrome
2026-05-20 12:43:15,726 : INFO : Get LATEST chromedriver version for google-chrome
2026-05-20 12:43:16,065 : INFO : Driver [C:\Users\kunal\.wdm\drivers\chromedriver\win64\147.0.7727.117\chromedriver-win32/chromedriver.exe] found in cache
2026-05-20 12:43:22,581 : INFO : ====== WebDriver manager ======
2026-05-20 12:43:24,288 : INFO : Get LATEST chromedriver version for google-chrome
2026-05-20 12:43:25,001 : INFO : Get LATEST chromedriver version for google-chrome
2026-05-20 12:43:25,633 : INFO : Driver [C:\Users\kunal\.wdm\drivers\chromedriver\win64\147.0.7727.117\chromedriver-win32/chromedriver.exe] found in cache
2026-05-20 12:43:50,862 : INFO : ====== WebDriver manager ======
2026-05-20 12:43:51,893 : INFO : Get LATEST chromedriver version for google-chrome
2026-05-20 12:43:52,210 : INFO : Get LATEST chromedriver version for google-chrome
2026-05-20 12:43:52,520 : INFO : Driver [C:\Users\kunal\.wdm\drivers\chromedriver\win64\147.0.7727.117\chromedriver-win32/chromedriver.exe] found in cache
2026-05-20 12:44:05,543 : INFO : ====== WebDriver manager ======
2026-05-20 12:44:06,637 : INFO : Get LATEST chromedriver version for google-chrome
2026-05-20 12:44:07,069 : INFO : Get LATEST chromedriver version for google-chrome
2026-05-20 12:44:07,640 : INFO : Driver [C:\Users\kunal\.wdm\drivers\chromedriver\win64\147.0.7727.117\chromedriver-win32/chromedriver.exe] found in cache
2026-05-20 12:45:04,138 : INFO : ====== WebDriver manager ======
2026-05-20 12:45:06,430 : INFO : Get LATEST chromedriver version for google-chrome
2026-05-20 12:45:07,113 : INFO : Get LATEST chromedriver version for google-chrome
2026-05-20 12:45:07,811 : INFO : Driver [C:\Users\kunal\.wdm\drivers\chromedriver\win64\147.0.7727.117\chromedriver-win32/chromedriver.exe] found in cache
2026-05-20 12:45:11,201 : INFO : Homepage test started
2026-05-20 12:45:14,031 : INFO : ====== WebDriver manager ======
2026-05-20 12:45:16,309 : INFO : Get LATEST chromedriver version for google-chrome
2026-05-20 12:45:16,961 : INFO : Get LATEST chromedriver version for google-chrome
2026-05-20 12:45:17,642 : INFO : Driver [C:\Users\kunal\.wdm\drivers\chromedriver\win64\147.0.7727.117\chromedriver-win32/chromedriver.exe] found in cache
2026-05-20 12:45:24,148 : INFO : ====== WebDriver manager ======
2026-05-20 12:45:26,425 : INFO : Get LATEST chromedriver version for google-chrome
2026-05-20 12:45:27,077 : INFO : Get LATEST chromedriver version for google-chrome
2026-05-20 12:45:27,739 : INFO : Driver [C:\Users\kunal\.wdm\drivers\chromedriver\win64\147.0.7727.117\chromedriver-win32/chromedriver.exe] found in cache
2026-05-20 12:45:45,590 : INFO : ====== WebDriver manager ======
2026-05-20 12:45:47,858 : INFO : Get LATEST chromedriver version for google-chrome
2026-05-20 12:45:48,493 : INFO : Get LATEST chromedriver version for google-chrome
2026-05-20 12:45:49,176 : INFO : Driver [C:\Users\kunal\.wdm\drivers\chromedriver\win64\147.0.7727.117\chromedriver-win32/chromedriver.exe] found in cache
2026-05-20 12:46:09,174 : INFO : ====== WebDriver manager ======
2026-05-20 12:46:11,368 : INFO : Get LATEST chromedriver version for google-chrome
2026-05-20 12:46:12,012 : INFO : Get LATEST chromedriver version for google-chrome
2026-05-20 12:46:12,682 : INFO : Driver [C:\Users\kunal\.wdm\drivers\chromedriver\win64\147.0.7727.117\chromedriver-win32/chromedriver.exe] found in cache
2026-05-20 12:46:32,857 : INFO : ====== WebDriver manager ======
2026-05-20 12:46:35,105 : INFO : Get LATEST chromedriver version for google-chrome
2026-05-20 12:46:35,761 : INFO : Get LATEST chromedriver version for google-chrome
2026-05-20 12:46:36,489 : INFO : Driver [C:\Users\kunal\.wdm\drivers\chromedriver\win64\147.0.7727.117\chromedriver-win32/chromedriver.exe] found in cache
2026-05-20 12:46:50,876 : INFO : ====== WebDriver manager ======
2026-05-20 12:46:53,143 : INFO : Get LATEST chromedriver version for google-chrome
2026-05-20 12:46:53,836 : INFO : Get LATEST chromedriver version for google-chrome
2026-05-20 12:46:54,529 : INFO : Driver [C:\Users\kunal\.wdm\drivers\chromedriver\win64\147.0.7727.117\chromedriver-win32/chromedriver.exe] found in cache
2026-05-20 13:21:31,171 : INFO : ====== WebDriver manager ======
2026-05-20 13:21:33,494 : INFO : Get LATEST chromedriver version for google-chrome
2026-05-20 13:21:34,586 : INFO : Get LATEST chromedriver version for google-chrome
2026-05-20 13:21:35,306 : INFO : Driver [C:\Users\kunal\.wdm\drivers\chromedriver\win64\147.0.7727.117\chromedriver-win32/chromedriver.exe] found in cache
2026-05-20 13:21:39,363 : INFO : Homepage test started
2026-05-20 13:21:42,369 : INFO : ====== WebDriver manager ======
2026-05-20 13:21:44,707 : INFO : Get LATEST chromedriver version for google-chrome
2026-05-20 13:21:45,389 : INFO : Get LATEST chromedriver version for google-chrome
2026-05-20 13:21:46,072 : INFO : Driver [C:\Users\kunal\.wdm\drivers\chromedriver\win64\147.0.7727.117\chromedriver-win32/chromedriver.exe] found in cache
2026-05-20 13:21:53,338 : INFO : ====== WebDriver manager ======
2026-05-20 13:21:55,724 : INFO : Get LATEST chromedriver version for google-chrome
2026-05-20 13:21:56,391 : INFO : Get LATEST chromedriver version for google-chrome
2026-05-20 13:21:57,070 : INFO : Driver [C:\Users\kunal\.wdm\drivers\chromedriver\win64\147.0.7727.117\chromedriver-win32/chromedriver.exe] found in cache
2026-05-20 13:22:19,256 : INFO : ====== WebDriver manager ======
2026-05-20 13:22:21,690 : INFO : Get LATEST chromedriver version for google-chrome
2026-05-20 13:22:22,391 : INFO : Get LATEST chromedriver version for google-chrome
2026-05-20 13:22:23,078 : INFO : Driver [C:\Users\kunal\.wdm\drivers\chromedriver\win64\147.0.7727.117\chromedriver-win32/chromedriver.exe] found in cache
2026-05-20 13:22:50,652 : INFO : ====== WebDriver manager ======
2026-05-20 13:22:51,626 : INFO : Get LATEST chromedriver version for google-chrome
2026-05-20 13:22:51,947 : INFO : Get LATEST chromedriver version for google-chrome
2026-05-20 13:22:52,283 : INFO : Driver [C:\Users\kunal\.wdm\drivers\chromedriver\win64\147.0.7727.117\chromedriver-win32/chromedriver.exe] found in cache
2026-05-20 13:23:51,608 : INFO : ====== WebDriver manager ======
2026-05-20 13:23:52,567 : INFO : Get LATEST chromedriver version for google-chrome
2026-05-20 13:23:53,351 : INFO : Get LATEST chromedriver version for google-chrome
2026-05-20 13:23:53,655 : INFO : Driver [C:\Users\kunal\.wdm\drivers\chromedriver\win64\147.0.7727.117\chromedriver-win32/chromedriver.exe] found in cache
2026-05-20 13:24:14,913 : INFO : ====== WebDriver manager ======
2026-05-20 13:24:15,901 : INFO : Get LATEST chromedriver version for google-chrome
2026-05-20 13:24:16,266 : INFO : Get LATEST chromedriver version for google-chrome
2026-05-20 13:24:16,636 : INFO : Driver [C:\Users\kunal\.wdm\drivers\chromedriver\win64\147.0.7727.117\chromedriver-win32/chromedriver.exe] found in cache
